19:16:51 **** Incremental Build of configuration Debug for project dryer ****
make -j12 all 
arm-none-eabi-gcc "../Core/Src/fnd_controller.c" -mcpu=cortex-m3 -std=gnu11 -g3 -DDEBUG -DUSE_HAL_DRIVER -DSTM32F103xB -c -I../Core/Inc -I../Drivers/STM32F1xx_HAL_Driver/Inc/Legacy -I../Drivers/STM32F1xx_HAL_Driver/Inc -I../Drivers/CMSIS/Device/ST/STM32F1xx/Include -I../Drivers/CMSIS/Include -O0 -ffunction-sections -fdata-sections -Wall -fstack-usage -fcyclomatic-complexity -MMD -MP -MF"Core/Src/fnd_controller.d" -MT"Core/Src/fnd_controller.o" --specs=nano.specs -mfloat-abi=soft -mthumb -o "Core/Src/fnd_controller.o"
../Core/Src/fnd_controller.c: In function 'digit4_show':
../Core/Src/fnd_controller.c:80:20: warning: suggest parentheses around comparison in operand of '|' [-Wparentheses]
   80 |     if(showZero | n>9) send_port(_LED_0F[n2], 0b0010);
      |                   ~^~
../Core/Src/fnd_controller.c:81:20: warning: suggest parentheses around comparison in operand of '|' [-Wparentheses]
   81 |     if(showZero | n>99) send_port(_LED_0F[n3], 0b0100);
      |                   ~^~~
../Core/Src/fnd_controller.c:82:20: warning: suggest parentheses around comparison in operand of '|' [-Wparentheses]
   82 |     if(showZero | n>999) send_port(_LED_0F[n4], 0b1000);
      |                   ~^~~~
arm-none-eabi-gcc -o "dryer.elf" @"objects.list"   -mcpu=cortex-m3 -T"C:\Github\Embedded\dryer\dryer\STM32F103C8TX_FLASH.ld" --specs=nosys.specs -Wl,-Map="dryer.map" -Wl,--gc-sections -static --specs=nano.specs -mfloat-abi=soft -mthumb -Wl,--start-group -lc -lm -Wl,--end-group
Finished building target: dryer.elf
 
arm-none-eabi-size  dryer.elf 
arm-none-eabi-objdump -h -S dryer.elf  > "dryer.list"
   text	   data	    bss	    dec	    hex	filename
   6568	     12	   1764	   8344	   2098	dryer.elf
Finished building: default.size.stdout
 
Finished building: dryer.list
 
19:16:58 **** Incremental Build of configuration Debug for project dryer ****
make -j12 all 
arm-none-eabi-size  dryer.elf 
   text	   data	    bss	    dec	    hex	filename
   6568	     12	   1764	   8344	   2098	dryer.elf
Finished building: default.size.stdout
 
